2026-03-20 12:10:24 - —тарт: 200 фото
2026-03-20 12:10:24 -   1. 000001.jpg: 1 лиц
2026-03-20 12:10:24 -    Ћицо 1: x=39, y=75, w=99, h=99
2026-03-20 12:10:24 -   2. 000002.jpg: 1 лиц
2026-03-20 12:10:24 -    Ћицо 1: x=34, y=69, w=111, h=111
2026-03-20 12:10:24 -   3. 000003.jpg: 1 лиц
2026-03-20 12:10:24 -    Ћицо 1: x=39, y=61, w=113, h=113
2026-03-20 12:10:25 -   4. 000004.jpg: 1 лиц
2026-03-20 12:10:25 -    Ћицо 1: x=72, y=89, w=51, h=51
2026-03-20 12:10:25 -   5. 000005.jpg: 1 лиц
2026-03-20 12:10:25 -    Ћицо 1: x=31, y=64, w=117, h=117
2026-03-20 12:10:25 -   6. 000006.jpg: 2 лиц
2026-03-20 12:10:25 -    Ћицо 1: x=42, y=77, w=95, h=95
2026-03-20 12:10:25 -    Ћицо 2: x=39, y=135, w=68, h=68
2026-03-20 12:10:25 -   7. 000007.jpg: 1 лиц
2026-03-20 12:10:25 -    Ћицо 1: x=36, y=71, w=106, h=106
2026-03-20 12:10:25 -   8. 000008.jpg: 1 лиц
2026-03-20 12:10:25 -    Ћицо 1: x=42, y=76, w=92, h=92
2026-03-20 12:10:25 -   9. 000009.jpg: 1 лиц
2026-03-20 12:10:25 -    Ћицо 1: x=27, y=71, w=111, h=111
2026-03-20 12:10:25 -  10. 000010.jpg: 1 лиц
2026-03-20 12:10:25 -    Ћицо 1: x=38, y=73, w=102, h=102
2026-03-20 12:10:25 -  11. 000011.jpg: 1 лиц
2026-03-20 12:10:25 -    Ћицо 1: x=32, y=70, w=110, h=110
2026-03-20 12:10:26 -  12. 000012.jpg: 1 лиц
2026-03-20 12:10:26 -    Ћицо 1: x=34, y=68, w=110, h=110
2026-03-20 12:10:26 -  13. 000013.jpg: 2 лиц
2026-03-20 12:10:26 -    Ћицо 1: x=61, y=10, w=95, h=95
2026-03-20 12:10:26 -    Ћицо 2: x=33, y=71, w=112, h=112
2026-03-20 12:10:26 -  14. 000014.jpg: 1 лиц
2026-03-20 12:10:26 -    Ћицо 1: x=35, y=71, w=107, h=107
2026-03-20 12:10:26 -  15. 000015.jpg: 1 лиц
2026-03-20 12:10:26 -    Ћицо 1: x=34, y=68, w=110, h=110
2026-03-20 12:10:26 -  16. 000016.jpg: 1 лиц
2026-03-20 12:10:26 -    Ћицо 1: x=36, y=72, w=108, h=108
2026-03-20 12:10:26 -  17. 000017.jpg: 1 лиц
2026-03-20 12:10:26 -    Ћицо 1: x=30, y=68, w=116, h=116
2026-03-20 12:10:27 -  18. 000018.jpg: 1 лиц
2026-03-20 12:10:27 -    Ћицо 1: x=34, y=71, w=110, h=110
2026-03-20 12:10:27 -  19. 000019.jpg: 1 лиц
2026-03-20 12:10:27 -    Ћицо 1: x=40, y=76, w=98, h=98
2026-03-20 12:10:27 -  20. 000020.jpg: 1 лиц
2026-03-20 12:10:27 -    Ћицо 1: x=37, y=70, w=101, h=101
2026-03-20 12:10:27 -  21. 000021.jpg: 1 лиц
2026-03-20 12:10:27 -    Ћицо 1: x=39, y=73, w=99, h=99
2026-03-20 12:10:27 -  22. 000022.jpg: 2 лиц
2026-03-20 12:10:27 -    Ћицо 1: x=60, y=162, w=50, h=50
2026-03-20 12:10:27 -    Ћицо 2: x=40, y=74, w=99, h=99
2026-03-20 12:10:27 -  23. 000023.jpg: 1 лиц
2026-03-20 12:10:27 -    Ћицо 1: x=32, y=67, w=111, h=111
2026-03-20 12:10:27 -  24. 000024.jpg: 2 лиц
2026-03-20 12:10:27 -    Ћицо 1: x=20, y=16, w=134, h=134
2026-03-20 12:10:27 -    Ћицо 2: x=39, y=71, w=103, h=103
2026-03-20 12:10:27 -  25. 000025.jpg: 1 лиц
2026-03-20 12:10:27 -    Ћицо 1: x=35, y=69, w=106, h=106
2026-03-20 12:10:27 -  26. 000026.jpg: 1 лиц
2026-03-20 12:10:27 -    Ћицо 1: x=42, y=80, w=92, h=92
2026-03-20 12:10:28 -  27. 000027.jpg: 1 лиц
2026-03-20 12:10:28 -    Ћицо 1: x=34, y=71, w=103, h=103
2026-03-20 12:10:28 -  28. 000028.jpg: 1 лиц
2026-03-20 12:10:28 -    Ћицо 1: x=36, y=76, w=104, h=104
2026-03-20 12:10:28 -  29. 000029.jpg: 1 лиц
2026-03-20 12:10:28 -    Ћицо 1: x=30, y=68, w=118, h=118
2026-03-20 12:10:28 -  30. 000030.jpg: 1 лиц
2026-03-20 12:10:28 -    Ћицо 1: x=41, y=73, w=97, h=97
2026-03-20 12:10:28 -  31. 000031.jpg: 1 лиц
2026-03-20 12:10:28 -    Ћицо 1: x=32, y=69, w=115, h=115
2026-03-20 12:10:28 -  32. 000032.jpg: 1 лиц
2026-03-20 12:10:28 -    Ћицо 1: x=39, y=72, w=100, h=100
2026-03-20 12:10:28 -  33. 000033.jpg: 1 лиц
2026-03-20 12:10:28 -    Ћицо 1: x=38, y=73, w=101, h=101
2026-03-20 12:10:28 -  34. 000034.jpg: 1 лиц
2026-03-20 12:10:28 -    Ћицо 1: x=46, y=82, w=85, h=85
2026-03-20 12:10:29 -  35. 000035.jpg: 1 лиц
2026-03-20 12:10:29 -    Ћицо 1: x=35, y=69, w=108, h=108
2026-03-20 12:10:29 -  36. 000036.jpg: 1 лиц
2026-03-20 12:10:29 -    Ћицо 1: x=18, y=61, w=130, h=130
2026-03-20 12:10:29 -  37. 000037.jpg: 1 лиц
2026-03-20 12:10:29 -    Ћицо 1: x=43, y=77, w=93, h=93
2026-03-20 12:10:29 -  38. 000038.jpg: 1 лиц
2026-03-20 12:10:29 -    Ћицо 1: x=31, y=68, w=114, h=114
2026-03-20 12:10:29 -  39. 000039.jpg: 1 лиц
2026-03-20 12:10:29 -    Ћицо 1: x=37, y=71, w=102, h=102
2026-03-20 12:10:29 -  40. 000040.jpg: 1 лиц
2026-03-20 12:10:29 -    Ћицо 1: x=35, y=71, w=105, h=105
2026-03-20 12:10:29 -  41. 000041.jpg: 1 лиц
2026-03-20 12:10:29 -    Ћицо 1: x=28, y=64, w=134, h=134
2026-03-20 12:10:29 -  42. 000042.jpg: 1 лиц
2026-03-20 12:10:29 -    Ћицо 1: x=32, y=67, w=115, h=115
2026-03-20 12:10:30 -  43. 000043.jpg: 1 лиц
2026-03-20 12:10:30 -    Ћицо 1: x=30, y=67, w=117, h=117
2026-03-20 12:10:30 -  44. 000044.jpg: 1 лиц
2026-03-20 12:10:30 -    Ћицо 1: x=41, y=76, w=96, h=96
2026-03-20 12:10:30 -  45. 000045.jpg: 1 лиц
2026-03-20 12:10:30 -    Ћицо 1: x=34, y=71, w=112, h=112
2026-03-20 12:10:30 -  46. 000046.jpg: 1 лиц
2026-03-20 12:10:30 -    Ћицо 1: x=35, y=70, w=110, h=110
2026-03-20 12:10:30 -  47. 000047.jpg: 1 лиц
2026-03-20 12:10:30 -    Ћицо 1: x=36, y=73, w=105, h=105
2026-03-20 12:10:30 -  48. 000048.jpg: 1 лиц
2026-03-20 12:10:30 -    Ћицо 1: x=31, y=63, w=114, h=114
2026-03-20 12:10:30 -  49. 000049.jpg: 1 лиц
2026-03-20 12:10:30 -    Ћицо 1: x=44, y=64, w=118, h=118
2026-03-20 12:10:30 -  50. 000050.jpg: 1 лиц
2026-03-20 12:10:30 -    Ћицо 1: x=36, y=69, w=108, h=108
2026-03-20 12:10:30 -  51. 013933.jpg: 1 лиц
2026-03-20 12:10:30 -    Ћицо 1: x=34, y=71, w=106, h=106
2026-03-20 12:10:31 -  52. 013934.jpg: 1 лиц
2026-03-20 12:10:31 -    Ћицо 1: x=41, y=77, w=95, h=95
2026-03-20 12:10:31 -  53. 013935.jpg: 1 лиц
2026-03-20 12:10:31 -    Ћицо 1: x=28, y=65, w=120, h=120
2026-03-20 12:10:31 -  54. 013936.jpg: 1 лиц
2026-03-20 12:10:31 -    Ћицо 1: x=34, y=71, w=113, h=113
2026-03-20 12:10:31 -  55. 013945.jpg: 0 лиц
2026-03-20 12:10:31 -  56. 013946.jpg: 1 лиц
2026-03-20 12:10:31 -    Ћицо 1: x=32, y=62, w=117, h=117
2026-03-20 12:10:31 -  57. 013947.jpg: 1 лиц
2026-03-20 12:10:31 -    Ћицо 1: x=3, y=44, w=171, h=171
2026-03-20 12:10:31 -  58. 013948.jpg: 1 лиц
2026-03-20 12:10:31 -    Ћицо 1: x=32, y=68, w=112, h=112
2026-03-20 12:10:31 -  59. 013949.jpg: 1 лиц
2026-03-20 12:10:31 -    Ћицо 1: x=38, y=70, w=104, h=104
2026-03-20 12:10:31 -  60. 013950.jpg: 1 лиц
2026-03-20 12:10:31 -    Ћицо 1: x=38, y=74, w=105, h=105
2026-03-20 12:10:32 -  61. 013951.jpg: 1 лиц
2026-03-20 12:10:32 -    Ћицо 1: x=38, y=73, w=102, h=102
2026-03-20 12:10:32 -  62. 013952.jpg: 1 лиц
2026-03-20 12:10:32 -    Ћицо 1: x=30, y=67, w=118, h=118
2026-03-20 12:10:32 -  63. 013953.jpg: 1 лиц
2026-03-20 12:10:32 -    Ћицо 1: x=39, y=78, w=99, h=99
2026-03-20 12:10:32 -  64. 013954.jpg: 1 лиц
2026-03-20 12:10:32 -    Ћицо 1: x=43, y=76, w=89, h=89
2026-03-20 12:10:32 -  65. 013955.jpg: 1 лиц
2026-03-20 12:10:32 -    Ћицо 1: x=38, y=73, w=101, h=101
2026-03-20 12:10:32 -  66. 013956.jpg: 1 лиц
2026-03-20 12:10:32 -    Ћицо 1: x=35, y=71, w=106, h=106
2026-03-20 12:10:32 -  67. 013957.jpg: 1 лиц
2026-03-20 12:10:32 -    Ћицо 1: x=24, y=57, w=132, h=132
2026-03-20 12:10:32 -  68. 013958.jpg: 1 лиц
2026-03-20 12:10:32 -    Ћицо 1: x=37, y=72, w=103, h=103
2026-03-20 12:10:33 -  69. 013959.jpg: 0 лиц
2026-03-20 12:10:33 -  70. 013960.jpg: 1 лиц
2026-03-20 12:10:33 -    Ћицо 1: x=35, y=66, w=112, h=112
2026-03-20 12:10:33 -  71. 013961.jpg: 1 лиц
2026-03-20 12:10:33 -    Ћицо 1: x=39, y=77, w=95, h=95
2026-03-20 12:10:33 -  72. 013962.jpg: 1 лиц
2026-03-20 12:10:33 -    Ћицо 1: x=42, y=75, w=97, h=97
2026-03-20 12:10:33 -  73. 013963.jpg: 1 лиц
2026-03-20 12:10:33 -    Ћицо 1: x=39, y=70, w=102, h=102
2026-03-20 12:10:33 -  74. 013964.jpg: 1 лиц
2026-03-20 12:10:33 -    Ћицо 1: x=38, y=75, w=99, h=99
2026-03-20 12:10:33 -  75. 013965.jpg: 1 лиц
2026-03-20 12:10:33 -    Ћицо 1: x=33, y=73, w=104, h=104
2026-03-20 12:10:33 -  76. 013966.jpg: 1 лиц
2026-03-20 12:10:33 -    Ћицо 1: x=29, y=66, w=118, h=118
2026-03-20 12:10:33 -  77. 013967.jpg: 1 лиц
2026-03-20 12:10:33 -    Ћицо 1: x=35, y=71, w=105, h=105
2026-03-20 12:10:33 -  78. 013968.jpg: 1 лиц
2026-03-20 12:10:33 -    Ћицо 1: x=42, y=71, w=101, h=101
2026-03-20 12:10:34 -  79. 013969.jpg: 2 лиц
2026-03-20 12:10:34 -    Ћицо 1: x=38, y=74, w=103, h=103
2026-03-20 12:10:34 -    Ћицо 2: x=15, y=83, w=76, h=76
2026-03-20 12:10:34 -  80. 013970.jpg: 1 лиц
2026-03-20 12:10:34 -    Ћицо 1: x=19, y=70, w=114, h=114
2026-03-20 12:10:34 -  81. 013971.jpg: 1 лиц
2026-03-20 12:10:34 -    Ћицо 1: x=37, y=73, w=98, h=98
2026-03-20 12:10:34 -  82. 013972.jpg: 1 лиц
2026-03-20 12:10:34 -    Ћицо 1: x=43, y=77, w=91, h=91
2026-03-20 12:10:34 -  83. 013973.jpg: 1 лиц
2026-03-20 12:10:34 -    Ћицо 1: x=41, y=73, w=94, h=94
2026-03-20 12:10:34 -  84. 013974.jpg: 1 лиц
2026-03-20 12:10:34 -    Ћицо 1: x=41, y=74, w=99, h=99
2026-03-20 12:10:34 -  85. 013975.jpg: 1 лиц
2026-03-20 12:10:34 -    Ћицо 1: x=37, y=67, w=108, h=108
2026-03-20 12:10:34 -  86. 013976.jpg: 1 лиц
2026-03-20 12:10:34 -    Ћицо 1: x=38, y=73, w=103, h=103
2026-03-20 12:10:34 -  87. 013977.jpg: 1 лиц
2026-03-20 12:10:34 -    Ћицо 1: x=35, y=71, w=107, h=107
2026-03-20 12:10:34 -  88. 013978.jpg: 1 лиц
2026-03-20 12:10:34 -    Ћицо 1: x=43, y=70, w=110, h=110
2026-03-20 12:10:35 -  89. 013979.jpg: 1 лиц
2026-03-20 12:10:35 -    Ћицо 1: x=43, y=76, w=93, h=93
2026-03-20 12:10:35 -  90. 013980.jpg: 2 лиц
2026-03-20 12:10:35 -    Ћицо 1: x=53, y=154, w=58, h=58
2026-03-20 12:10:35 -    Ћицо 2: x=39, y=76, w=99, h=99
2026-03-20 12:10:35 -  91. 013981.jpg: 1 лиц
2026-03-20 12:10:35 -    Ћицо 1: x=35, y=73, w=107, h=107
2026-03-20 12:10:35 -  92. 013982.jpg: 1 лиц
2026-03-20 12:10:35 -    Ћицо 1: x=44, y=77, w=88, h=88
2026-03-20 12:10:35 -  93. 013983.jpg: 1 лиц
2026-03-20 12:10:35 -    Ћицо 1: x=36, y=75, w=99, h=99
2026-03-20 12:10:35 -  94. 013984.jpg: 1 лиц
2026-03-20 12:10:35 -    Ћицо 1: x=40, y=72, w=101, h=101
2026-03-20 12:10:35 -  95. 013985.jpg: 1 лиц
2026-03-20 12:10:35 -    Ћицо 1: x=45, y=78, w=89, h=89
2026-03-20 12:10:35 -  96. 013986.jpg: 1 лиц
2026-03-20 12:10:35 -    Ћицо 1: x=38, y=72, w=106, h=106
2026-03-20 12:10:35 -  97. 013987.jpg: 1 лиц
2026-03-20 12:10:35 -    Ћицо 1: x=33, y=71, w=111, h=111
2026-03-20 12:10:35 -  98. 013988.jpg: 1 лиц
2026-03-20 12:10:35 -    Ћицо 1: x=35, y=72, w=106, h=106
2026-03-20 12:10:36 -  99. 013989.jpg: 1 лиц
2026-03-20 12:10:36 -    Ћицо 1: x=36, y=73, w=101, h=101
2026-03-20 12:10:36 - 100. 013990.jpg: 1 лиц
2026-03-20 12:10:36 -    Ћицо 1: x=37, y=78, w=103, h=103
2026-03-20 12:10:36 - 101. 013991.jpg: 1 лиц
2026-03-20 12:10:36 -    Ћицо 1: x=34, y=68, w=107, h=107
2026-03-20 12:10:36 - 102. 013992.jpg: 1 лиц
2026-03-20 12:10:36 -    Ћицо 1: x=42, y=78, w=93, h=93
2026-03-20 12:10:36 - 103. 013993.jpg: 1 лиц
2026-03-20 12:10:36 -    Ћицо 1: x=33, y=71, w=103, h=103
2026-03-20 12:10:36 - 104. 013994.jpg: 1 лиц
2026-03-20 12:10:36 -    Ћицо 1: x=40, y=72, w=102, h=102
2026-03-20 12:10:36 - 105. 013995.jpg: 1 лиц
2026-03-20 12:10:36 -    Ћицо 1: x=36, y=72, w=108, h=108
2026-03-20 12:10:36 - 106. 013996.jpg: 1 лиц
2026-03-20 12:10:36 -    Ћицо 1: x=35, y=72, w=107, h=107
2026-03-20 12:10:36 - 107. 013997.jpg: 1 лиц
2026-03-20 12:10:36 -    Ћицо 1: x=47, y=80, w=90, h=90
2026-03-20 12:10:36 - 108. 013998.jpg: 1 лиц
2026-03-20 12:10:36 -    Ћицо 1: x=32, y=67, w=112, h=112
2026-03-20 12:10:37 - 109. 013999.jpg: 1 лиц
2026-03-20 12:10:37 -    Ћицо 1: x=35, y=69, w=107, h=107
2026-03-20 12:10:37 - 110. 014000.jpg: 1 лиц
2026-03-20 12:10:37 -    Ћицо 1: x=35, y=72, w=108, h=108
2026-03-20 12:10:37 - 111. 014001.jpg: 1 лиц
2026-03-20 12:10:37 -    Ћицо 1: x=26, y=52, w=135, h=135
2026-03-20 12:10:37 - 112. 014002.jpg: 1 лиц
2026-03-20 12:10:37 -    Ћицо 1: x=31, y=70, w=109, h=109
2026-03-20 12:10:37 - 113. 014003.jpg: 1 лиц
2026-03-20 12:10:37 -    Ћицо 1: x=38, y=74, w=100, h=100
2026-03-20 12:10:37 - 114. 014004.jpg: 1 лиц
2026-03-20 12:10:37 -    Ћицо 1: x=27, y=66, w=115, h=115
2026-03-20 12:10:37 - 115. 014005.jpg: 1 лиц
2026-03-20 12:10:37 -    Ћицо 1: x=43, y=78, w=95, h=95
2026-03-20 12:10:37 - 116. 014006.jpg: 1 лиц
2026-03-20 12:10:37 -    Ћицо 1: x=35, y=70, w=110, h=110
2026-03-20 12:10:37 - 117. 014007.jpg: 1 лиц
2026-03-20 12:10:37 -    Ћицо 1: x=42, y=76, w=98, h=98
2026-03-20 12:10:37 - 118. 014008.jpg: 1 лиц
2026-03-20 12:10:37 -    Ћицо 1: x=40, y=73, w=100, h=100
2026-03-20 12:10:37 - 119. 014009.jpg: 0 лиц
2026-03-20 12:10:38 - 120. 014010.jpg: 1 лиц
2026-03-20 12:10:38 -    Ћицо 1: x=34, y=68, w=110, h=110
2026-03-20 12:10:38 - 121. 014011.jpg: 1 лиц
2026-03-20 12:10:38 -    Ћицо 1: x=38, y=74, w=100, h=100
2026-03-20 12:10:38 - 122. 014012.jpg: 1 лиц
2026-03-20 12:10:38 -    Ћицо 1: x=37, y=71, w=104, h=104
2026-03-20 12:10:38 - 123. 014013.jpg: 1 лиц
2026-03-20 12:10:38 -    Ћицо 1: x=34, y=74, w=109, h=109
2026-03-20 12:10:38 - 124. 014014.jpg: 1 лиц
2026-03-20 12:10:38 -    Ћицо 1: x=34, y=67, w=110, h=110
2026-03-20 12:10:38 - 125. 014015.jpg: 1 лиц
2026-03-20 12:10:38 -    Ћицо 1: x=35, y=70, w=109, h=109
2026-03-20 12:10:38 - 126. 014016.jpg: 1 лиц
2026-03-20 12:10:38 -    Ћицо 1: x=39, y=70, w=111, h=111
2026-03-20 12:10:38 - 127. 014017.jpg: 1 лиц
2026-03-20 12:10:38 -    Ћицо 1: x=38, y=76, w=102, h=102
2026-03-20 12:10:39 - 128. 014018.jpg: 1 лиц
2026-03-20 12:10:39 -    Ћицо 1: x=41, y=74, w=98, h=98
2026-03-20 12:10:39 - 129. 014019.jpg: 1 лиц
2026-03-20 12:10:39 -    Ћицо 1: x=41, y=73, w=95, h=95
2026-03-20 12:10:39 - 130. 014020.jpg: 1 лиц
2026-03-20 12:10:39 -    Ћицо 1: x=34, y=68, w=108, h=108
2026-03-20 12:10:39 - 131. 014021.jpg: 2 лиц
2026-03-20 12:10:39 -    Ћицо 1: x=50, y=30, w=106, h=106
2026-03-20 12:10:39 -    Ћицо 2: x=37, y=70, w=106, h=106
2026-03-20 12:10:39 - 132. 014022.jpg: 1 лиц
2026-03-20 12:10:39 -    Ћицо 1: x=35, y=70, w=107, h=107
2026-03-20 12:10:39 - 133. 014023.jpg: 1 лиц
2026-03-20 12:10:39 -    Ћицо 1: x=33, y=69, w=112, h=112
2026-03-20 12:10:39 - 134. 014024.jpg: 1 лиц
2026-03-20 12:10:39 -    Ћицо 1: x=49, y=77, w=86, h=86
2026-03-20 12:10:40 - 135. 014025.jpg: 0 лиц
2026-03-20 12:10:40 - 136. 014026.jpg: 1 лиц
2026-03-20 12:10:40 -    Ћицо 1: x=36, y=72, w=105, h=105
2026-03-20 12:10:40 - 137. 014027.jpg: 1 лиц
2026-03-20 12:10:40 -    Ћицо 1: x=43, y=76, w=95, h=95
2026-03-20 12:10:40 - 138. 014028.jpg: 1 лиц
2026-03-20 12:10:40 -    Ћицо 1: x=38, y=72, w=104, h=104
2026-03-20 12:10:40 - 139. 014029.jpg: 1 лиц
2026-03-20 12:10:40 -    Ћицо 1: x=27, y=63, w=124, h=124
2026-03-20 12:10:40 - 140. 014030.jpg: 1 лиц
2026-03-20 12:10:40 -    Ћицо 1: x=39, y=73, w=103, h=103
2026-03-20 12:10:40 - 141. 014031.jpg: 1 лиц
2026-03-20 12:10:40 -    Ћицо 1: x=32, y=70, w=111, h=111
2026-03-20 12:10:41 - 142. 014032.jpg: 1 лиц
2026-03-20 12:10:41 -    Ћицо 1: x=23, y=69, w=137, h=137
2026-03-20 12:10:41 - 143. 014033.jpg: 1 лиц
2026-03-20 12:10:41 -    Ћицо 1: x=38, y=70, w=102, h=102
2026-03-20 12:10:41 - 144. 014034.jpg: 1 лиц
2026-03-20 12:10:41 -    Ћицо 1: x=42, y=77, w=97, h=97
2026-03-20 12:10:41 - 145. 014035.jpg: 1 лиц
2026-03-20 12:10:41 -    Ћицо 1: x=37, y=72, w=103, h=103
2026-03-20 12:10:41 - 146. 014036.jpg: 1 лиц
2026-03-20 12:10:41 -    Ћицо 1: x=28, y=65, w=120, h=120
2026-03-20 12:10:41 - 147. 014037.jpg: 1 лиц
2026-03-20 12:10:41 -    Ћицо 1: x=35, y=70, w=103, h=103
2026-03-20 12:10:41 - 148. 014038.jpg: 1 лиц
2026-03-20 12:10:41 -    Ћицо 1: x=31, y=65, w=116, h=116
2026-03-20 12:10:42 - 149. 014039.jpg: 1 лиц
2026-03-20 12:10:42 -    Ћицо 1: x=39, y=74, w=100, h=100
2026-03-20 12:10:42 - 150. 014040.jpg: 1 лиц
2026-03-20 12:10:42 -    Ћицо 1: x=30, y=66, w=111, h=111
2026-03-20 12:10:42 - 151. 014041.jpg: 1 лиц
2026-03-20 12:10:42 -    Ћицо 1: x=38, y=75, w=103, h=103
2026-03-20 12:10:42 - 152. 014042.jpg: 1 лиц
2026-03-20 12:10:42 -    Ћицо 1: x=30, y=67, w=119, h=119
2026-03-20 12:10:42 - 153. 014043.jpg: 0 лиц
2026-03-20 12:10:42 - 154. 014044.jpg: 1 лиц
2026-03-20 12:10:42 -    Ћицо 1: x=26, y=62, w=124, h=124
2026-03-20 12:10:42 - 155. 014045.jpg: 1 лиц
2026-03-20 12:10:42 -    Ћицо 1: x=34, y=69, w=109, h=109
2026-03-20 12:10:43 - 156. 014046.jpg: 1 лиц
2026-03-20 12:10:43 -    Ћицо 1: x=40, y=75, w=99, h=99
2026-03-20 12:10:43 - 157. 014047.jpg: 1 лиц
2026-03-20 12:10:43 -    Ћицо 1: x=40, y=73, w=95, h=95
2026-03-20 12:10:43 - 158. 014048.jpg: 0 лиц
2026-03-20 12:10:43 - 159. 014049.jpg: 1 лиц
2026-03-20 12:10:43 -    Ћицо 1: x=37, y=73, w=104, h=104
2026-03-20 12:10:43 - 160. 014050.jpg: 1 лиц
2026-03-20 12:10:43 -    Ћицо 1: x=31, y=65, w=116, h=116
2026-03-20 12:10:43 - 161. 014051.jpg: 1 лиц
2026-03-20 12:10:43 -    Ћицо 1: x=34, y=71, w=108, h=108
2026-03-20 12:10:43 - 162. 014052.jpg: 1 лиц
2026-03-20 12:10:43 -    Ћицо 1: x=37, y=73, w=107, h=107
2026-03-20 12:10:43 - 163. 014053.jpg: 1 лиц
2026-03-20 12:10:43 -    Ћицо 1: x=45, y=81, w=90, h=90
2026-03-20 12:10:43 - 164. 014054.jpg: 2 лиц
2026-03-20 12:10:43 -    Ћицо 1: x=27, y=64, w=122, h=122
2026-03-20 12:10:43 -    Ћицо 2: x=57, y=37, w=99, h=99
2026-03-20 12:10:44 - 165. 014055.jpg: 1 лиц
2026-03-20 12:10:44 -    Ћицо 1: x=30, y=66, w=117, h=117
2026-03-20 12:10:44 - 166. 014056.jpg: 1 лиц
2026-03-20 12:10:44 -    Ћицо 1: x=37, y=70, w=103, h=103
2026-03-20 12:10:44 - 167. 014057.jpg: 1 лиц
2026-03-20 12:10:44 -    Ћицо 1: x=35, y=69, w=107, h=107
2026-03-20 12:10:44 - 168. 014058.jpg: 1 лиц
2026-03-20 12:10:44 -    Ћицо 1: x=32, y=68, w=110, h=110
2026-03-20 12:10:44 - 169. 014059.jpg: 1 лиц
2026-03-20 12:10:44 -    Ћицо 1: x=36, y=70, w=109, h=109
2026-03-20 12:10:44 - 170. 014060.jpg: 1 лиц
2026-03-20 12:10:44 -    Ћицо 1: x=34, y=68, w=111, h=111
2026-03-20 12:10:44 - 171. 014061.jpg: 1 лиц
2026-03-20 12:10:44 -    Ћицо 1: x=38, y=74, w=101, h=101
2026-03-20 12:10:45 - 172. 014062.jpg: 1 лиц
2026-03-20 12:10:45 -    Ћицо 1: x=38, y=74, w=103, h=103
2026-03-20 12:10:45 - 173. 014063.jpg: 1 лиц
2026-03-20 12:10:45 -    Ћицо 1: x=37, y=74, w=102, h=102
2026-03-20 12:10:45 - 174. 014064.jpg: 1 лиц
2026-03-20 12:10:45 -    Ћицо 1: x=32, y=67, w=113, h=113
2026-03-20 12:10:45 - 175. 014065.jpg: 1 лиц
2026-03-20 12:10:45 -    Ћицо 1: x=36, y=72, w=103, h=103
2026-03-20 12:10:45 - 176. 014066.jpg: 1 лиц
2026-03-20 12:10:45 -    Ћицо 1: x=37, y=73, w=104, h=104
2026-03-20 12:10:45 - 177. 014067.jpg: 1 лиц
2026-03-20 12:10:45 -    Ћицо 1: x=22, y=64, w=128, h=128
2026-03-20 12:10:45 - 178. 014068.jpg: 1 лиц
2026-03-20 12:10:45 -    Ћицо 1: x=40, y=64, w=113, h=113
2026-03-20 12:10:45 - 179. 014069.jpg: 1 лиц
2026-03-20 12:10:45 -    Ћицо 1: x=38, y=67, w=107, h=107
2026-03-20 12:10:46 - 180. 014070.jpg: 1 лиц
2026-03-20 12:10:46 -    Ћицо 1: x=22, y=57, w=129, h=129
2026-03-20 12:10:46 - 181. 014071.jpg: 1 лиц
2026-03-20 12:10:46 -    Ћицо 1: x=37, y=71, w=108, h=108
2026-03-20 12:10:46 - 182. 014072.jpg: 1 лиц
2026-03-20 12:10:46 -    Ћицо 1: x=45, y=75, w=92, h=92
2026-03-20 12:10:46 - 183. 014073.jpg: 1 лиц
2026-03-20 12:10:46 -    Ћицо 1: x=36, y=76, w=100, h=100
2026-03-20 12:10:46 - 184. 014074.jpg: 1 лиц
2026-03-20 12:10:46 -    Ћицо 1: x=37, y=72, w=106, h=106
2026-03-20 12:10:46 - 185. 014075.jpg: 1 лиц
2026-03-20 12:10:46 -    Ћицо 1: x=30, y=66, w=118, h=118
2026-03-20 12:10:46 - 186. 014076.jpg: 1 лиц
2026-03-20 12:10:46 -    Ћицо 1: x=36, y=75, w=103, h=103
2026-03-20 12:10:46 - 187. 014077.jpg: 1 лиц
2026-03-20 12:10:46 -    Ћицо 1: x=34, y=68, w=112, h=112
2026-03-20 12:10:47 - 188. 014078.jpg: 1 лиц
2026-03-20 12:10:47 -    Ћицо 1: x=33, y=75, w=105, h=105
2026-03-20 12:10:47 - 189. 014079.jpg: 1 лиц
2026-03-20 12:10:47 -    Ћицо 1: x=35, y=74, w=105, h=105
2026-03-20 12:10:47 - 190. 014080.jpg: 1 лиц
2026-03-20 12:10:47 -    Ћицо 1: x=28, y=68, w=113, h=113
2026-03-20 12:10:47 - 191. 014081.jpg: 1 лиц
2026-03-20 12:10:47 -    Ћицо 1: x=34, y=69, w=108, h=108
2026-03-20 12:10:47 - 192. 014082.jpg: 2 лиц
2026-03-20 12:10:47 -    Ћицо 1: x=13, y=29, w=108, h=108
2026-03-20 12:10:47 -    Ћицо 2: x=31, y=64, w=118, h=118
2026-03-20 12:10:47 - 193. 014083.jpg: 1 лиц
2026-03-20 12:10:47 -    Ћицо 1: x=34, y=71, w=106, h=106
2026-03-20 12:10:47 - 194. 014084.jpg: 1 лиц
2026-03-20 12:10:47 -    Ћицо 1: x=34, y=70, w=110, h=110
2026-03-20 12:10:47 - 195. 014085.jpg: 1 лиц
2026-03-20 12:10:47 -    Ћицо 1: x=41, y=75, w=101, h=101
2026-03-20 12:10:48 - 196. 014086.jpg: 1 лиц
2026-03-20 12:10:48 -    Ћицо 1: x=19, y=66, w=133, h=133
2026-03-20 12:10:48 - 197. 014087.jpg: 1 лиц
2026-03-20 12:10:48 -    Ћицо 1: x=35, y=67, w=107, h=107
2026-03-20 12:10:48 - 198. 014088.jpg: 1 лиц
2026-03-20 12:10:48 -    Ћицо 1: x=36, y=74, w=104, h=104
2026-03-20 12:10:48 - 199. 014089.jpg: 1 лиц
2026-03-20 12:10:48 -    Ћицо 1: x=47, y=84, w=84, h=84
2026-03-20 12:10:48 - 200. 014090.jpg: 2 лиц
2026-03-20 12:10:48 -    Ћицо 1: x=38, y=24, w=118, h=118
2026-03-20 12:10:48 -    Ћицо 2: x=32, y=65, w=116, h=116
