2026-03-20 12:02:49 - —тарт: 150 фото
2026-03-20 12:02:52 -   1. 013933.jpg: 1 лиц
2026-03-20 12:02:52 -    Ћицо 1: x=34, y=71, w=106, h=106
2026-03-20 12:02:53 -   2. 013934.jpg: 1 лиц
2026-03-20 12:02:53 -    Ћицо 1: x=41, y=77, w=95, h=95
2026-03-20 12:02:53 -   3. 013935.jpg: 1 лиц
2026-03-20 12:02:53 -    Ћицо 1: x=28, y=65, w=120, h=120
2026-03-20 12:02:53 -   4. 013936.jpg: 1 лиц
2026-03-20 12:02:53 -    Ћицо 1: x=34, y=71, w=113, h=113
2026-03-20 12:02:53 -   5. 013945.jpg: 0 лиц
2026-03-20 12:02:54 -   6. 013946.jpg: 1 лиц
2026-03-20 12:02:54 -    Ћицо 1: x=32, y=62, w=117, h=117
2026-03-20 12:02:54 -   7. 013947.jpg: 1 лиц
2026-03-20 12:02:54 -    Ћицо 1: x=3, y=44, w=171, h=171
2026-03-20 12:02:54 -   8. 013948.jpg: 1 лиц
2026-03-20 12:02:54 -    Ћицо 1: x=32, y=68, w=112, h=112
2026-03-20 12:02:54 -   9. 013949.jpg: 1 лиц
2026-03-20 12:02:54 -    Ћицо 1: x=38, y=70, w=104, h=104
2026-03-20 12:02:54 -  10. 013950.jpg: 1 лиц
2026-03-20 12:02:54 -    Ћицо 1: x=38, y=74, w=105, h=105
2026-03-20 12:02:54 -  11. 013951.jpg: 1 лиц
2026-03-20 12:02:54 -    Ћицо 1: x=38, y=73, w=102, h=102
2026-03-20 12:02:55 -  12. 013952.jpg: 1 лиц
2026-03-20 12:02:55 -    Ћицо 1: x=30, y=67, w=118, h=118
2026-03-20 12:02:55 -  13. 013953.jpg: 1 лиц
2026-03-20 12:02:55 -    Ћицо 1: x=39, y=78, w=99, h=99
2026-03-20 12:02:55 -  14. 013954.jpg: 1 лиц
2026-03-20 12:02:55 -    Ћицо 1: x=43, y=76, w=89, h=89
2026-03-20 12:02:55 -  15. 013955.jpg: 1 лиц
2026-03-20 12:02:55 -    Ћицо 1: x=38, y=73, w=101, h=101
2026-03-20 12:02:55 -  16. 013956.jpg: 1 лиц
2026-03-20 12:02:55 -    Ћицо 1: x=35, y=71, w=106, h=106
2026-03-20 12:02:55 -  17. 013957.jpg: 1 лиц
2026-03-20 12:02:55 -    Ћицо 1: x=24, y=57, w=132, h=132
2026-03-20 12:02:55 -  18. 013958.jpg: 1 лиц
2026-03-20 12:02:55 -    Ћицо 1: x=37, y=72, w=103, h=103
2026-03-20 12:02:56 -  19. 013959.jpg: 0 лиц
2026-03-20 12:02:56 -  20. 013960.jpg: 1 лиц
2026-03-20 12:02:56 -    Ћицо 1: x=35, y=66, w=112, h=112
2026-03-20 12:02:56 -  21. 013961.jpg: 1 лиц
2026-03-20 12:02:56 -    Ћицо 1: x=39, y=77, w=95, h=95
2026-03-20 12:02:56 -  22. 013962.jpg: 1 лиц
2026-03-20 12:02:56 -    Ћицо 1: x=42, y=75, w=97, h=97
2026-03-20 12:02:56 -  23. 013963.jpg: 1 лиц
2026-03-20 12:02:56 -    Ћицо 1: x=39, y=70, w=102, h=102
2026-03-20 12:02:56 -  24. 013964.jpg: 1 лиц
2026-03-20 12:02:56 -    Ћицо 1: x=38, y=75, w=99, h=99
2026-03-20 12:02:56 -  25. 013965.jpg: 1 лиц
2026-03-20 12:02:56 -    Ћицо 1: x=33, y=73, w=104, h=104
2026-03-20 12:02:57 -  26. 013966.jpg: 1 лиц
2026-03-20 12:02:57 -    Ћицо 1: x=29, y=66, w=118, h=118
2026-03-20 12:02:57 -  27. 013967.jpg: 1 лиц
2026-03-20 12:02:57 -    Ћицо 1: x=35, y=71, w=105, h=105
2026-03-20 12:02:57 -  28. 013968.jpg: 1 лиц
2026-03-20 12:02:57 -    Ћицо 1: x=42, y=71, w=101, h=101
2026-03-20 12:02:57 -  29. 013969.jpg: 2 лиц
2026-03-20 12:02:57 -    Ћицо 1: x=38, y=74, w=103, h=103
2026-03-20 12:02:57 -    Ћицо 2: x=15, y=83, w=76, h=76
2026-03-20 12:02:57 -  30. 013970.jpg: 1 лиц
2026-03-20 12:02:57 -    Ћицо 1: x=19, y=70, w=114, h=114
2026-03-20 12:02:57 -  31. 013971.jpg: 1 лиц
2026-03-20 12:02:57 -    Ћицо 1: x=37, y=73, w=98, h=98
2026-03-20 12:02:57 -  32. 013972.jpg: 1 лиц
2026-03-20 12:02:57 -    Ћицо 1: x=43, y=77, w=91, h=91
2026-03-20 12:02:57 -  33. 013973.jpg: 1 лиц
2026-03-20 12:02:57 -    Ћицо 1: x=41, y=73, w=94, h=94
2026-03-20 12:02:58 -  34. 013974.jpg: 1 лиц
2026-03-20 12:02:58 -    Ћицо 1: x=41, y=74, w=99, h=99
2026-03-20 12:02:58 -  35. 013975.jpg: 1 лиц
2026-03-20 12:02:58 -    Ћицо 1: x=37, y=67, w=108, h=108
2026-03-20 12:02:58 -  36. 013976.jpg: 1 лиц
2026-03-20 12:02:58 -    Ћицо 1: x=38, y=73, w=103, h=103
2026-03-20 12:02:58 -  37. 013977.jpg: 1 лиц
2026-03-20 12:02:58 -    Ћицо 1: x=35, y=71, w=107, h=107
2026-03-20 12:02:58 -  38. 013978.jpg: 1 лиц
2026-03-20 12:02:58 -    Ћицо 1: x=43, y=70, w=110, h=110
2026-03-20 12:02:58 -  39. 013979.jpg: 1 лиц
2026-03-20 12:02:58 -    Ћицо 1: x=43, y=76, w=93, h=93
2026-03-20 12:02:58 -  40. 013980.jpg: 2 лиц
2026-03-20 12:02:58 -    Ћицо 1: x=53, y=154, w=58, h=58
2026-03-20 12:02:58 -    Ћицо 2: x=39, y=76, w=99, h=99
2026-03-20 12:02:59 -  41. 013981.jpg: 1 лиц
2026-03-20 12:02:59 -    Ћицо 1: x=35, y=73, w=107, h=107
2026-03-20 12:02:59 -  42. 013982.jpg: 1 лиц
2026-03-20 12:02:59 -    Ћицо 1: x=44, y=77, w=88, h=88
2026-03-20 12:02:59 -  43. 013983.jpg: 1 лиц
2026-03-20 12:02:59 -    Ћицо 1: x=36, y=75, w=99, h=99
2026-03-20 12:02:59 -  44. 013984.jpg: 1 лиц
2026-03-20 12:02:59 -    Ћицо 1: x=40, y=72, w=101, h=101
2026-03-20 12:02:59 -  45. 013985.jpg: 1 лиц
2026-03-20 12:02:59 -    Ћицо 1: x=45, y=78, w=89, h=89
2026-03-20 12:02:59 -  46. 013986.jpg: 1 лиц
2026-03-20 12:02:59 -    Ћицо 1: x=38, y=72, w=106, h=106
2026-03-20 12:02:59 -  47. 013987.jpg: 1 лиц
2026-03-20 12:02:59 -    Ћицо 1: x=33, y=71, w=111, h=111
2026-03-20 12:02:59 -  48. 013988.jpg: 1 лиц
2026-03-20 12:02:59 -    Ћицо 1: x=35, y=72, w=106, h=106
2026-03-20 12:02:59 -  49. 013989.jpg: 1 лиц
2026-03-20 12:02:59 -    Ћицо 1: x=36, y=73, w=101, h=101
2026-03-20 12:03:00 -  50. 013990.jpg: 1 лиц
2026-03-20 12:03:00 -    Ћицо 1: x=37, y=78, w=103, h=103
2026-03-20 12:03:00 -  51. 013991.jpg: 1 лиц
2026-03-20 12:03:00 -    Ћицо 1: x=34, y=68, w=107, h=107
2026-03-20 12:03:00 -  52. 013992.jpg: 1 лиц
2026-03-20 12:03:00 -    Ћицо 1: x=42, y=78, w=93, h=93
2026-03-20 12:03:00 -  53. 013993.jpg: 1 лиц
2026-03-20 12:03:00 -    Ћицо 1: x=33, y=71, w=103, h=103
2026-03-20 12:03:00 -  54. 013994.jpg: 1 лиц
2026-03-20 12:03:00 -    Ћицо 1: x=40, y=72, w=102, h=102
2026-03-20 12:03:00 -  55. 013995.jpg: 1 лиц
2026-03-20 12:03:00 -    Ћицо 1: x=36, y=72, w=108, h=108
2026-03-20 12:03:00 -  56. 013996.jpg: 1 лиц
2026-03-20 12:03:00 -    Ћицо 1: x=35, y=72, w=107, h=107
2026-03-20 12:03:00 -  57. 013997.jpg: 1 лиц
2026-03-20 12:03:00 -    Ћицо 1: x=47, y=80, w=90, h=90
2026-03-20 12:03:00 -  58. 013998.jpg: 1 лиц
2026-03-20 12:03:00 -    Ћицо 1: x=32, y=67, w=112, h=112
2026-03-20 12:03:01 -  59. 013999.jpg: 1 лиц
2026-03-20 12:03:01 -    Ћицо 1: x=35, y=69, w=107, h=107
2026-03-20 12:03:01 -  60. 014000.jpg: 1 лиц
2026-03-20 12:03:01 -    Ћицо 1: x=35, y=72, w=108, h=108
2026-03-20 12:03:01 -  61. 014001.jpg: 1 лиц
2026-03-20 12:03:01 -    Ћицо 1: x=26, y=52, w=135, h=135
2026-03-20 12:03:01 -  62. 014002.jpg: 1 лиц
2026-03-20 12:03:01 -    Ћицо 1: x=31, y=70, w=109, h=109
2026-03-20 12:03:01 -  63. 014003.jpg: 1 лиц
2026-03-20 12:03:01 -    Ћицо 1: x=38, y=74, w=100, h=100
2026-03-20 12:03:01 -  64. 014004.jpg: 1 лиц
2026-03-20 12:03:01 -    Ћицо 1: x=27, y=66, w=115, h=115
2026-03-20 12:03:01 -  65. 014005.jpg: 1 лиц
2026-03-20 12:03:01 -    Ћицо 1: x=43, y=78, w=95, h=95
2026-03-20 12:03:01 -  66. 014006.jpg: 1 лиц
2026-03-20 12:03:01 -    Ћицо 1: x=35, y=70, w=110, h=110
2026-03-20 12:03:01 -  67. 014007.jpg: 1 лиц
2026-03-20 12:03:01 -    Ћицо 1: x=42, y=76, w=98, h=98
2026-03-20 12:03:01 -  68. 014008.jpg: 1 лиц
2026-03-20 12:03:01 -    Ћицо 1: x=40, y=73, w=100, h=100
2026-03-20 12:03:02 -  69. 014009.jpg: 0 лиц
2026-03-20 12:03:02 -  70. 014010.jpg: 1 лиц
2026-03-20 12:03:02 -    Ћицо 1: x=34, y=68, w=110, h=110
2026-03-20 12:03:02 -  71. 014011.jpg: 1 лиц
2026-03-20 12:03:02 -    Ћицо 1: x=38, y=74, w=100, h=100
2026-03-20 12:03:02 -  72. 014012.jpg: 1 лиц
2026-03-20 12:03:02 -    Ћицо 1: x=37, y=71, w=104, h=104
2026-03-20 12:03:02 -  73. 014013.jpg: 1 лиц
2026-03-20 12:03:02 -    Ћицо 1: x=34, y=74, w=109, h=109
2026-03-20 12:03:02 -  74. 014014.jpg: 1 лиц
2026-03-20 12:03:02 -    Ћицо 1: x=34, y=67, w=110, h=110
2026-03-20 12:03:02 -  75. 014015.jpg: 1 лиц
2026-03-20 12:03:02 -    Ћицо 1: x=35, y=70, w=109, h=109
2026-03-20 12:03:02 -  76. 014016.jpg: 1 лиц
2026-03-20 12:03:02 -    Ћицо 1: x=39, y=70, w=111, h=111
2026-03-20 12:03:03 -  77. 014017.jpg: 1 лиц
2026-03-20 12:03:03 -    Ћицо 1: x=38, y=76, w=102, h=102
2026-03-20 12:03:03 -  78. 014018.jpg: 1 лиц
2026-03-20 12:03:03 -    Ћицо 1: x=41, y=74, w=98, h=98
2026-03-20 12:03:03 -  79. 014019.jpg: 1 лиц
2026-03-20 12:03:03 -    Ћицо 1: x=41, y=73, w=95, h=95
2026-03-20 12:03:03 -  80. 014020.jpg: 1 лиц
2026-03-20 12:03:03 -    Ћицо 1: x=34, y=68, w=108, h=108
2026-03-20 12:03:03 -  81. 014021.jpg: 2 лиц
2026-03-20 12:03:03 -    Ћицо 1: x=50, y=30, w=106, h=106
2026-03-20 12:03:03 -    Ћицо 2: x=37, y=70, w=106, h=106
2026-03-20 12:03:03 -  82. 014022.jpg: 1 лиц
2026-03-20 12:03:03 -    Ћицо 1: x=35, y=70, w=107, h=107
2026-03-20 12:03:03 -  83. 014023.jpg: 1 лиц
2026-03-20 12:03:03 -    Ћицо 1: x=33, y=69, w=112, h=112
2026-03-20 12:03:03 -  84. 014024.jpg: 1 лиц
2026-03-20 12:03:03 -    Ћицо 1: x=49, y=77, w=86, h=86
2026-03-20 12:03:03 -  85. 014025.jpg: 0 лиц
2026-03-20 12:03:04 -  86. 014026.jpg: 1 лиц
2026-03-20 12:03:04 -    Ћицо 1: x=36, y=72, w=105, h=105
2026-03-20 12:03:04 -  87. 014027.jpg: 1 лиц
2026-03-20 12:03:04 -    Ћицо 1: x=43, y=76, w=95, h=95
2026-03-20 12:03:04 -  88. 014028.jpg: 1 лиц
2026-03-20 12:03:04 -    Ћицо 1: x=38, y=72, w=104, h=104
2026-03-20 12:03:04 -  89. 014029.jpg: 1 лиц
2026-03-20 12:03:04 -    Ћицо 1: x=27, y=63, w=124, h=124
2026-03-20 12:03:04 -  90. 014030.jpg: 1 лиц
2026-03-20 12:03:04 -    Ћицо 1: x=39, y=73, w=103, h=103
2026-03-20 12:03:04 -  91. 014031.jpg: 1 лиц
2026-03-20 12:03:04 -    Ћицо 1: x=32, y=70, w=111, h=111
2026-03-20 12:03:04 -  92. 014032.jpg: 1 лиц
2026-03-20 12:03:04 -    Ћицо 1: x=23, y=69, w=137, h=137
2026-03-20 12:03:04 -  93. 014033.jpg: 1 лиц
2026-03-20 12:03:04 -    Ћицо 1: x=38, y=70, w=102, h=102
2026-03-20 12:03:04 -  94. 014034.jpg: 1 лиц
2026-03-20 12:03:04 -    Ћицо 1: x=42, y=77, w=97, h=97
2026-03-20 12:03:05 -  95. 014035.jpg: 1 лиц
2026-03-20 12:03:05 -    Ћицо 1: x=37, y=72, w=103, h=103
2026-03-20 12:03:05 -  96. 014036.jpg: 1 лиц
2026-03-20 12:03:05 -    Ћицо 1: x=28, y=65, w=120, h=120
2026-03-20 12:03:05 -  97. 014037.jpg: 1 лиц
2026-03-20 12:03:05 -    Ћицо 1: x=35, y=70, w=103, h=103
2026-03-20 12:03:05 -  98. 014038.jpg: 1 лиц
2026-03-20 12:03:05 -    Ћицо 1: x=31, y=65, w=116, h=116
2026-03-20 12:03:05 -  99. 014039.jpg: 1 лиц
2026-03-20 12:03:05 -    Ћицо 1: x=39, y=74, w=100, h=100
2026-03-20 12:03:05 - 100. 014040.jpg: 1 лиц
2026-03-20 12:03:05 -    Ћицо 1: x=30, y=66, w=111, h=111
2026-03-20 12:03:05 - 101. 014041.jpg: 1 лиц
2026-03-20 12:03:05 -    Ћицо 1: x=38, y=75, w=103, h=103
2026-03-20 12:03:05 - 102. 014042.jpg: 1 лиц
2026-03-20 12:03:05 -    Ћицо 1: x=30, y=67, w=119, h=119
2026-03-20 12:03:05 - 103. 014043.jpg: 0 лиц
2026-03-20 12:03:05 - 104. 014044.jpg: 1 лиц
2026-03-20 12:03:05 -    Ћицо 1: x=26, y=62, w=124, h=124
2026-03-20 12:03:06 - 105. 014045.jpg: 1 лиц
2026-03-20 12:03:06 -    Ћицо 1: x=34, y=69, w=109, h=109
2026-03-20 12:03:06 - 106. 014046.jpg: 1 лиц
2026-03-20 12:03:06 -    Ћицо 1: x=40, y=75, w=99, h=99
2026-03-20 12:03:06 - 107. 014047.jpg: 1 лиц
2026-03-20 12:03:06 -    Ћицо 1: x=40, y=73, w=95, h=95
2026-03-20 12:03:06 - 108. 014048.jpg: 0 лиц
2026-03-20 12:03:06 - 109. 014049.jpg: 1 лиц
2026-03-20 12:03:06 -    Ћицо 1: x=37, y=73, w=104, h=104
2026-03-20 12:03:06 - 110. 014050.jpg: 1 лиц
2026-03-20 12:03:06 -    Ћицо 1: x=31, y=65, w=116, h=116
2026-03-20 12:03:06 - 111. 014051.jpg: 1 лиц
2026-03-20 12:03:06 -    Ћицо 1: x=34, y=71, w=108, h=108
2026-03-20 12:03:06 - 112. 014052.jpg: 1 лиц
2026-03-20 12:03:06 -    Ћицо 1: x=37, y=73, w=107, h=107
2026-03-20 12:03:07 - 113. 014053.jpg: 1 лиц
2026-03-20 12:03:07 -    Ћицо 1: x=45, y=81, w=90, h=90
2026-03-20 12:03:07 - 114. 014054.jpg: 2 лиц
2026-03-20 12:03:07 -    Ћицо 1: x=27, y=64, w=122, h=122
2026-03-20 12:03:07 -    Ћицо 2: x=57, y=37, w=99, h=99
2026-03-20 12:03:07 - 115. 014055.jpg: 1 лиц
2026-03-20 12:03:07 -    Ћицо 1: x=30, y=66, w=117, h=117
2026-03-20 12:03:07 - 116. 014056.jpg: 1 лиц
2026-03-20 12:03:07 -    Ћицо 1: x=37, y=70, w=103, h=103
2026-03-20 12:03:07 - 117. 014057.jpg: 1 лиц
2026-03-20 12:03:07 -    Ћицо 1: x=35, y=69, w=107, h=107
2026-03-20 12:03:07 - 118. 014058.jpg: 1 лиц
2026-03-20 12:03:07 -    Ћицо 1: x=32, y=68, w=110, h=110
2026-03-20 12:03:07 - 119. 014059.jpg: 1 лиц
2026-03-20 12:03:07 -    Ћицо 1: x=36, y=70, w=109, h=109
2026-03-20 12:03:08 - 120. 014060.jpg: 1 лиц
2026-03-20 12:03:08 -    Ћицо 1: x=34, y=68, w=111, h=111
2026-03-20 12:03:08 - 121. 014061.jpg: 1 лиц
2026-03-20 12:03:08 -    Ћицо 1: x=38, y=74, w=101, h=101
2026-03-20 12:03:08 - 122. 014062.jpg: 1 лиц
2026-03-20 12:03:08 -    Ћицо 1: x=38, y=74, w=103, h=103
2026-03-20 12:03:08 - 123. 014063.jpg: 1 лиц
2026-03-20 12:03:08 -    Ћицо 1: x=37, y=74, w=102, h=102
2026-03-20 12:03:08 - 124. 014064.jpg: 1 лиц
2026-03-20 12:03:08 -    Ћицо 1: x=32, y=67, w=113, h=113
2026-03-20 12:03:08 - 125. 014065.jpg: 1 лиц
2026-03-20 12:03:08 -    Ћицо 1: x=36, y=72, w=103, h=103
2026-03-20 12:03:08 - 126. 014066.jpg: 1 лиц
2026-03-20 12:03:08 -    Ћицо 1: x=37, y=73, w=104, h=104
2026-03-20 12:03:09 - 127. 014067.jpg: 1 лиц
2026-03-20 12:03:09 -    Ћицо 1: x=22, y=64, w=128, h=128
2026-03-20 12:03:09 - 128. 014068.jpg: 1 лиц
2026-03-20 12:03:09 -    Ћицо 1: x=40, y=64, w=113, h=113
2026-03-20 12:03:09 - 129. 014069.jpg: 1 лиц
2026-03-20 12:03:09 -    Ћицо 1: x=38, y=67, w=107, h=107
2026-03-20 12:03:09 - 130. 014070.jpg: 1 лиц
2026-03-20 12:03:09 -    Ћицо 1: x=22, y=57, w=129, h=129
2026-03-20 12:03:09 - 131. 014071.jpg: 1 лиц
2026-03-20 12:03:09 -    Ћицо 1: x=37, y=71, w=108, h=108
2026-03-20 12:03:09 - 132. 014072.jpg: 1 лиц
2026-03-20 12:03:09 -    Ћицо 1: x=45, y=75, w=92, h=92
2026-03-20 12:03:09 - 133. 014073.jpg: 1 лиц
2026-03-20 12:03:09 -    Ћицо 1: x=36, y=76, w=100, h=100
2026-03-20 12:03:10 - 134. 014074.jpg: 1 лиц
2026-03-20 12:03:10 -    Ћицо 1: x=37, y=72, w=106, h=106
2026-03-20 12:03:10 - 135. 014075.jpg: 1 лиц
2026-03-20 12:03:10 -    Ћицо 1: x=30, y=66, w=118, h=118
2026-03-20 12:03:10 - 136. 014076.jpg: 1 лиц
2026-03-20 12:03:10 -    Ћицо 1: x=36, y=75, w=103, h=103
2026-03-20 12:03:10 - 137. 014077.jpg: 1 лиц
2026-03-20 12:03:10 -    Ћицо 1: x=34, y=68, w=112, h=112
2026-03-20 12:03:11 - 138. 014078.jpg: 1 лиц
2026-03-20 12:03:11 -    Ћицо 1: x=33, y=75, w=105, h=105
2026-03-20 12:03:11 - 139. 014079.jpg: 1 лиц
2026-03-20 12:03:11 -    Ћицо 1: x=35, y=74, w=105, h=105
2026-03-20 12:03:11 - 140. 014080.jpg: 1 лиц
2026-03-20 12:03:11 -    Ћицо 1: x=28, y=68, w=113, h=113
2026-03-20 12:03:11 - 141. 014081.jpg: 1 лиц
2026-03-20 12:03:11 -    Ћицо 1: x=34, y=69, w=108, h=108
2026-03-20 12:03:11 - 142. 014082.jpg: 2 лиц
2026-03-20 12:03:11 -    Ћицо 1: x=13, y=29, w=108, h=108
2026-03-20 12:03:11 -    Ћицо 2: x=31, y=64, w=118, h=118
2026-03-20 12:03:11 - 143. 014083.jpg: 1 лиц
2026-03-20 12:03:11 -    Ћицо 1: x=34, y=71, w=106, h=106
2026-03-20 12:03:11 - 144. 014084.jpg: 1 лиц
2026-03-20 12:03:11 -    Ћицо 1: x=34, y=70, w=110, h=110
2026-03-20 12:03:12 - 145. 014085.jpg: 1 лиц
2026-03-20 12:03:12 -    Ћицо 1: x=41, y=75, w=101, h=101
2026-03-20 12:03:12 - 146. 014086.jpg: 1 лиц
2026-03-20 12:03:12 -    Ћицо 1: x=19, y=66, w=133, h=133
2026-03-20 12:03:12 - 147. 014087.jpg: 1 лиц
2026-03-20 12:03:12 -    Ћицо 1: x=35, y=67, w=107, h=107
2026-03-20 12:03:12 - 148. 014088.jpg: 1 лиц
2026-03-20 12:03:12 -    Ћицо 1: x=36, y=74, w=104, h=104
2026-03-20 12:03:13 - 149. 014089.jpg: 1 лиц
2026-03-20 12:03:13 -    Ћицо 1: x=47, y=84, w=84, h=84
2026-03-20 12:03:13 - 150. 014090.jpg: 2 лиц
2026-03-20 12:03:13 -    Ћицо 1: x=38, y=24, w=118, h=118
2026-03-20 12:03:13 -    Ћицо 2: x=32, y=65, w=116, h=116
